[{
	"resource": "/c:/apps/sales-dashboard/frontend4/src/pages/SupplyManagementPage.tsx",
	"owner": "typescript",
	"code": "2305",
	"severity": 8,
	"message": "Module '\"@mantine/core\"' has no exported member 'DatePickerInput'.",
	"source": "ts",
	"startLineNumber": 22,
	"startColumn": 3,
	"endLineNumber": 22,
	"endColumn": 18,
	"extensionID": "vscode.typescript-language-features"
},{
	"resource": "/c:/apps/sales-dashboard/frontend4/src/pages/SupplyManagementPage.tsx",
	"owner": "typescript",
	"code": "2724",
	"severity": 8,
	"message": "'\"@mantine/dates\"' has no exported member named 'DateRangePicker'. Did you mean 'DatePicker'?",
	"source": "ts",
	"startLineNumber": 47,
	"startColumn": 10,
	"endLineNumber": 47,
	"endColumn": 25,
	"extensionID": "vscode.typescript-language-features"
},{
	"resource": "/c:/apps/sales-dashboard/frontend4/src/pages/SupplyManagementPage.tsx",
	"owner": "typescript",
	"code": "7006",
	"severity": 8,
	"message": "Parameter 'deliveries' implicitly has an 'any' type.",
	"source": "ts",
	"startLineNumber": 210,
	"startColumn": 19,
	"endLineNumber": 210,
	"endColumn": 29,
	"extensionID": "vscode.typescript-language-features"
},{
	"resource": "/c:/apps/sales-dashboard/frontend4/src/pages/SupplyManagementPage.tsx",
	"owner": "typescript",
	"code": "7006",
	"severity": 8,
	"message": "Parameter 'delivery' implicitly has an 'any' type.",
	"source": "ts",
	"startLineNumber": 211,
	"startColumn": 17,
	"endLineNumber": 211,
	"endColumn": 25,
	"extensionID": "vscode.typescript-language-features"
},{
	"resource": "/c:/apps/sales-dashboard/frontend4/src/pages/SupplyManagementPage.tsx",
	"owner": "typescript",
	"code": "7006",
	"severity": 8,
	"message": "Parameter 'state' implicitly has an 'any' type.",
	"source": "ts",
	"startLineNumber": 211,
	"startColumn": 35,
	"endLineNumber": 211,
	"endColumn": 40,
	"extensionID": "vscode.typescript-language-features"
},{
	"resource": "/c:/apps/sales-dashboard/frontend4/src/pages/SupplyManagementPage.tsx",
	"owner": "typescript",
	"code": "7006",
	"severity": 8,
	"message": "Parameter 'id' implicitly has an 'any' type.",
	"source": "ts",
	"startLineNumber": 214,
	"startColumn": 20,
	"endLineNumber": 214,
	"endColumn": 22,
	"extensionID": "vscode.typescript-language-features"
},{
	"resource": "/c:/apps/sales-dashboard/frontend4/src/pages/SupplyManagementPage.tsx",
	"owner": "typescript",
	"code": "7006",
	"severity": 8,
	"message": "Parameter 'updates' implicitly has an 'any' type.",
	"source": "ts",
	"startLineNumber": 214,
	"startColumn": 24,
	"endLineNumber": 214,
	"endColumn": 31,
	"extensionID": "vscode.typescript-language-features"
},{
	"resource": "/c:/apps/sales-dashboard/frontend4/src/pages/SupplyManagementPage.tsx",
	"owner": "typescript",
	"code": "7006",
	"severity": 8,
	"message": "Parameter 'state' implicitly has an 'any' type.",
	"source": "ts",
	"startLineNumber": 214,
	"startColumn": 41,
	"endLineNumber": 214,
	"endColumn": 46,
	"extensionID": "vscode.typescript-language-features"
},{
	"resource": "/c:/apps/sales-dashboard/frontend4/src/pages/SupplyManagementPage.tsx",
	"owner": "typescript",
	"code": "7006",
	"severity": 8,
	"message": "Parameter 'd' implicitly has an 'any' type.",
	"source": "ts",
	"startLineNumber": 215,
	"startColumn": 38,
	"endLineNumber": 215,
	"endColumn": 39,
	"extensionID": "vscode.typescript-language-features"
},{
	"resource": "/c:/apps/sales-dashboard/frontend4/src/pages/SupplyManagementPage.tsx",
	"owner": "typescript",
	"code": "7031",
	"severity": 8,
	"message": "Binding element 'title' implicitly has an 'any' type.",
	"source": "ts",
	"startLineNumber": 220,
	"startColumn": 20,
	"endLineNumber": 220,
	"endColumn": 25,
	"extensionID": "vscode.typescript-language-features"
},{
	"resource": "/c:/apps/sales-dashboard/frontend4/src/pages/SupplyManagementPage.tsx",
	"owner": "typescript",
	"code": "7031",
	"severity": 8,
	"message": "Binding element 'value' implicitly has an 'any' type.",
	"source": "ts",
	"startLineNumber": 220,
	"startColumn": 27,
	"endLineNumber": 220,
	"endColumn": 32,
	"extensionID": "vscode.typescript-language-features"
},{
	"resource": "/c:/apps/sales-dashboard/frontend4/src/pages/SupplyManagementPage.tsx",
	"owner": "typescript",
	"code": "7031",
	"severity": 8,
	"message": "Binding element 'target' implicitly has an 'any' type.",
	"source": "ts",
	"startLineNumber": 220,
	"startColumn": 34,
	"endLineNumber": 220,
	"endColumn": 40,
	"extensionID": "vscode.typescript-language-features"
},{
	"resource": "/c:/apps/sales-dashboard/frontend4/src/pages/SupplyManagementPage.tsx",
	"owner": "typescript",
	"code": "7031",
	"severity": 8,
	"message": "Binding element 'trend' implicitly has an 'any' type.",
	"source": "ts",
	"startLineNumber": 220,
	"startColumn": 42,
	"endLineNumber": 220,
	"endColumn": 47,
	"extensionID": "vscode.typescript-language-features"
},{
	"resource": "/c:/apps/sales-dashboard/frontend4/src/pages/SupplyManagementPage.tsx",
	"owner": "typescript",
	"code": "7031",
	"severity": 8,
	"message": "Binding element 'icon' implicitly has an 'any' type.",
	"source": "ts",
	"startLineNumber": 220,
	"startColumn": 49,
	"endLineNumber": 220,
	"endColumn": 53,
	"extensionID": "vscode.typescript-language-features"
},{
	"resource": "/c:/apps/sales-dashboard/frontend4/src/pages/SupplyManagementPage.tsx",
	"owner": "typescript",
	"code": "7031",
	"severity": 8,
	"message": "Binding element 'color' implicitly has an 'any' type.",
	"source": "ts",
	"startLineNumber": 220,
	"startColumn": 55,
	"endLineNumber": 220,
	"endColumn": 60,
	"extensionID": "vscode.typescript-language-features"
},{
	"resource": "/c:/apps/sales-dashboard/frontend4/src/pages/SupplyManagementPage.tsx",
	"owner": "typescript",
	"code": "18046",
	"severity": 8,
	"message": "'state' is of type 'unknown'.",
	"source": "ts",
	"startLineNumber": 357,
	"startColumn": 52,
	"endLineNumber": 357,
	"endColumn": 57,
	"extensionID": "vscode.typescript-language-features"
},{
	"resource": "/c:/apps/sales-dashboard/frontend4/src/pages/SupplyManagementPage.tsx",
	"owner": "typescript",
	"code": "7006",
	"severity": 8,
	"message": "Parameter 'd' implicitly has an 'any' type.",
	"source": "ts",
	"startLineNumber": 380,
	"startColumn": 28,
	"endLineNumber": 380,
	"endColumn": 29,
	"extensionID": "vscode.typescript-language-features"
},{
	"resource": "/c:/apps/sales-dashboard/frontend4/src/pages/SupplyManagementPage.tsx",
	"owner": "typescript",
	"code": "7006",
	"severity": 8,
	"message": "Parameter 'params' implicitly has an 'any' type.",
	"source": "ts",
	"startLineNumber": 385,
	"startColumn": 22,
	"endLineNumber": 385,
	"endColumn": 28,
	"extensionID": "vscode.typescript-language-features"
},{
	"resource": "/c:/apps/sales-dashboard/frontend4/src/pages/SupplyManagementPage.tsx",
	"owner": "typescript",
	"code": "7006",
	"severity": 8,
	"message": "Parameter 'api' implicitly has an 'any' type.",
	"source": "ts",
	"startLineNumber": 385,
	"startColumn": 30,
	"endLineNumber": 385,
	"endColumn": 33,
	"extensionID": "vscode.typescript-language-features"
},{
	"resource": "/c:/apps/sales-dashboard/frontend4/src/pages/SupplyManagementPage.tsx",
	"owner": "typescript",
	"code": "7006",
	"severity": 8,
	"message": "Parameter 'd' implicitly has an 'any' type.",
	"source": "ts",
	"startLineNumber": 406,
	"startColumn": 31,
	"endLineNumber": 406,
	"endColumn": 32,
	"extensionID": "vscode.typescript-language-features"
},{
	"resource": "/c:/apps/sales-dashboard/frontend4/src/pages/SupplyManagementPage.tsx",
	"owner": "typescript",
	"code": "7006",
	"severity": 8,
	"message": "Parameter 'idx' implicitly has an 'any' type.",
	"source": "ts",
	"startLineNumber": 406,
	"startColumn": 34,
	"endLineNumber": 406,
	"endColumn": 37,
	"extensionID": "vscode.typescript-language-features"
},{
	"resource": "/c:/apps/sales-dashboard/frontend4/src/pages/SupplyManagementPage.tsx",
	"owner": "typescript",
	"code": "18046",
	"severity": 8,
	"message": "'state' is of type 'unknown'.",
	"source": "ts",
	"startLineNumber": 420,
	"startColumn": 51,
	"endLineNumber": 420,
	"endColumn": 56,
	"extensionID": "vscode.typescript-language-features"
},{
	"resource": "/c:/apps/sales-dashboard/frontend4/src/pages/SupplyManagementPage.tsx",
	"owner": "typescript",
	"code": "7006",
	"severity": 8,
	"message": "Parameter 's' implicitly has an 'any' type.",
	"source": "ts",
	"startLineNumber": 436,
	"startColumn": 29,
	"endLineNumber": 436,
	"endColumn": 30,
	"extensionID": "vscode.typescript-language-features"
},{
	"resource": "/c:/apps/sales-dashboard/frontend4/src/pages/SupplyManagementPage.tsx",
	"owner": "typescript",
	"code": "2322",
	"severity": 8,
	"message": "Type '{ children: Element; span: number; md: number; }' is not assignable to type 'IntrinsicAttributes & GridColProps & RefAttributes<HTMLDivElement> & { component?: any; renderRoot?: ((props: Record<...>) => ReactNode) | undefined; }'.\n  Property 'md' does not exist on type 'IntrinsicAttributes & GridColProps & RefAttributes<HTMLDivElement> & { component?: any; renderRoot?: ((props: Record<...>) => ReactNode) | undefined; }'.",
	"source": "ts",
	"startLineNumber": 452,
	"startColumn": 27,
	"endLineNumber": 452,
	"endColumn": 29,
	"extensionID": "vscode.typescript-language-features"
},{
	"resource": "/c:/apps/sales-dashboard/frontend4/src/pages/SupplyManagementPage.tsx",
	"owner": "typescript",
	"code": "2322",
	"severity": 8,
	"message": "Type '{ children: Element; span: number; md: number; }' is not assignable to type 'IntrinsicAttributes & GridColProps & RefAttributes<HTMLDivElement> & { component?: any; renderRoot?: ((props: Record<...>) => ReactNode) | undefined; }'.\n  Property 'md' does not exist on type 'IntrinsicAttributes & GridColProps & RefAttributes<HTMLDivElement> & { component?: any; renderRoot?: ((props: Record<...>) => ReactNode) | undefined; }'.",
	"source": "ts",
	"startLineNumber": 455,
	"startColumn": 27,
	"endLineNumber": 455,
	"endColumn": 29,
	"extensionID": "vscode.typescript-language-features"
},{
	"resource": "/c:/apps/sales-dashboard/frontend4/src/pages/SupplyManagementPage.tsx",
	"owner": "typescript",
	"code": "7006",
	"severity": 8,
	"message": "Parameter 'supplier' implicitly has an 'any' type.",
	"source": "ts",
	"startLineNumber": 466,
	"startColumn": 29,
	"endLineNumber": 466,
	"endColumn": 37,
	"extensionID": "vscode.typescript-language-features"
},{
	"resource": "/c:/apps/sales-dashboard/frontend4/src/pages/SupplyManagementPage.tsx",
	"owner": "typescript",
	"code": "2322",
	"severity": 8,
	"message": "Type '{ children: Element; span: number; md: number; }' is not assignable to type 'IntrinsicAttributes & GridColProps & RefAttributes<HTMLDivElement> & { component?: any; renderRoot?: ((props: Record<...>) => ReactNode) | undefined; }'.\n  Property 'md' does not exist on type 'IntrinsicAttributes & GridColProps & RefAttributes<HTMLDivElement> & { component?: any; renderRoot?: ((props: Record<...>) => ReactNode) | undefined; }'.",
	"source": "ts",
	"startLineNumber": 547,
	"startColumn": 27,
	"endLineNumber": 547,
	"endColumn": 29,
	"extensionID": "vscode.typescript-language-features"
},{
	"resource": "/c:/apps/sales-dashboard/frontend4/src/pages/SupplyManagementPage.tsx",
	"owner": "typescript",
	"code": "2322",
	"severity": 8,
	"message": "Type '{ children: Element; span: number; md: number; }' is not assignable to type 'IntrinsicAttributes & GridColProps & RefAttributes<HTMLDivElement> & { component?: any; renderRoot?: ((props: Record<...>) => ReactNode) | undefined; }'.\n  Property 'md' does not exist on type 'IntrinsicAttributes & GridColProps & RefAttributes<HTMLDivElement> & { component?: any; renderRoot?: ((props: Record<...>) => ReactNode) | undefined; }'.",
	"source": "ts",
	"startLineNumber": 553,
	"startColumn": 27,
	"endLineNumber": 553,
	"endColumn": 29,
	"extensionID": "vscode.typescript-language-features"
},{
	"resource": "/c:/apps/sales-dashboard/frontend4/src/pages/SupplyManagementPage.tsx",
	"owner": "typescript",
	"code": "2339",
	"severity": 8,
	"message": "Property 'deliveries' does not exist on type 'unknown'.",
	"source": "ts",
	"startLineNumber": 574,
	"startColumn": 11,
	"endLineNumber": 574,
	"endColumn": 21,
	"extensionID": "vscode.typescript-language-features"
},{
	"resource": "/c:/apps/sales-dashboard/frontend4/src/pages/SupplyManagementPage.tsx",
	"owner": "typescript",
	"code": "2339",
	"severity": 8,
	"message": "Property 'suppliers' does not exist on type 'unknown'.",
	"source": "ts",
	"startLineNumber": 574,
	"startColumn": 23,
	"endLineNumber": 574,
	"endColumn": 32,
	"extensionID": "vscode.typescript-language-features"
},{
	"resource": "/c:/apps/sales-dashboard/frontend4/src/pages/SupplyManagementPage.tsx",
	"owner": "typescript",
	"code": "2339",
	"severity": 8,
	"message": "Property 'alerts' does not exist on type 'unknown'.",
	"source": "ts",
	"startLineNumber": 574,
	"startColumn": 34,
	"endLineNumber": 574,
	"endColumn": 40,
	"extensionID": "vscode.typescript-language-features"
},{
	"resource": "/c:/apps/sales-dashboard/frontend4/src/pages/SupplyManagementPage.tsx",
	"owner": "typescript",
	"code": "7006",
	"severity": 8,
	"message": "Parameter 'd' implicitly has an 'any' type.",
	"source": "ts",
	"startLineNumber": 579,
	"startColumn": 49,
	"endLineNumber": 579,
	"endColumn": 50,
	"extensionID": "vscode.typescript-language-features"
},{
	"resource": "/c:/apps/sales-dashboard/frontend4/src/pages/SupplyManagementPage.tsx",
	"owner": "typescript",
	"code": "7006",
	"severity": 8,
	"message": "Parameter 'sum' implicitly has an 'any' type.",
	"source": "ts",
	"startLineNumber": 580,
	"startColumn": 51,
	"endLineNumber": 580,
	"endColumn": 54,
	"extensionID": "vscode.typescript-language-features"
},{
	"resource": "/c:/apps/sales-dashboard/frontend4/src/pages/SupplyManagementPage.tsx",
	"owner": "typescript",
	"code": "7006",
	"severity": 8,
	"message": "Parameter 'd' implicitly has an 'any' type.",
	"source": "ts",
	"startLineNumber": 580,
	"startColumn": 56,
	"endLineNumber": 580,
	"endColumn": 57,
	"extensionID": "vscode.typescript-language-features"
},{
	"resource": "/c:/apps/sales-dashboard/frontend4/src/pages/SupplyManagementPage.tsx",
	"owner": "typescript",
	"code": "7006",
	"severity": 8,
	"message": "Parameter 'sum' implicitly has an 'any' type.",
	"source": "ts",
	"startLineNumber": 581,
	"startColumn": 49,
	"endLineNumber": 581,
	"endColumn": 52,
	"extensionID": "vscode.typescript-language-features"
},{
	"resource": "/c:/apps/sales-dashboard/frontend4/src/pages/SupplyManagementPage.tsx",
	"owner": "typescript",
	"code": "7006",
	"severity": 8,
	"message": "Parameter 'd' implicitly has an 'any' type.",
	"source": "ts",
	"startLineNumber": 581,
	"startColumn": 54,
	"endLineNumber": 581,
	"endColumn": 55,
	"extensionID": "vscode.typescript-language-features"
},{
	"resource": "/c:/apps/sales-dashboard/frontend4/src/pages/SupplyManagementPage.tsx",
	"owner": "typescript",
	"code": "7006",
	"severity": 8,
	"message": "Parameter 'sum' implicitly has an 'any' type.",
	"source": "ts",
	"startLineNumber": 582,
	"startColumn": 47,
	"endLineNumber": 582,
	"endColumn": 50,
	"extensionID": "vscode.typescript-language-features"
},{
	"resource": "/c:/apps/sales-dashboard/frontend4/src/pages/SupplyManagementPage.tsx",
	"owner": "typescript",
	"code": "7006",
	"severity": 8,
	"message": "Parameter 'd' implicitly has an 'any' type.",
	"source": "ts",
	"startLineNumber": 582,
	"startColumn": 52,
	"endLineNumber": 582,
	"endColumn": 53,
	"extensionID": "vscode.typescript-language-features"
},{
	"resource": "/c:/apps/sales-dashboard/frontend4/src/pages/SupplyManagementPage.tsx",
	"owner": "typescript",
	"code": "7006",
	"severity": 8,
	"message": "Parameter 'status' implicitly has an 'any' type.",
	"source": "ts",
	"startLineNumber": 592,
	"startColumn": 27,
	"endLineNumber": 592,
	"endColumn": 33,
	"extensionID": "vscode.typescript-language-features"
},{
	"resource": "/c:/apps/sales-dashboard/frontend4/src/pages/SupplyManagementPage.tsx",
	"owner": "typescript",
	"code": "7053",
	"severity": 8,
	"message": "Element implicitly has an 'any' type because expression of type 'any' can't be used to index type '{ in_transit: { color: string; label: string; }; delayed: { color: string; label: string; }; delivered: { color: string; label: string; }; customs: { color: string; label: string; }; }'.",
	"source": "ts",
	"startLineNumber": 600,
	"startColumn": 20,
	"endLineNumber": 600,
	"endColumn": 40,
	"extensionID": "vscode.typescript-language-features"
},{
	"resource": "/c:/apps/sales-dashboard/frontend4/src/pages/SupplyManagementPage.tsx",
	"owner": "typescript",
	"code": "7006",
	"severity": 8,
	"message": "Parameter 'type' implicitly has an 'any' type.",
	"source": "ts",
	"startLineNumber": 604,
	"startColumn": 29,
	"endLineNumber": 604,
	"endColumn": 33,
	"extensionID": "vscode.typescript-language-features"
},{
	"resource": "/c:/apps/sales-dashboard/frontend4/src/pages/SupplyManagementPage.tsx",
	"owner": "typescript",
	"code": "7053",
	"severity": 8,
	"message": "Element implicitly has an 'any' type because expression of type 'any' can't be used to index type '{ sea: Element; rail: Element; air: Element; truck: Element; }'.",
	"source": "ts",
	"startLineNumber": 611,
	"startColumn": 12,
	"endLineNumber": 611,
	"endColumn": 23,
	"extensionID": "vscode.typescript-language-features"
},{
	"resource": "/c:/apps/sales-dashboard/frontend4/src/pages/SupplyManagementPage.tsx",
	"owner": "typescript",
	"code": "7006",
	"severity": 8,
	"message": "Parameter 'delivery' implicitly has an 'any' type.",
	"source": "ts",
	"startLineNumber": 614,
	"startColumn": 32,
	"endLineNumber": 614,
	"endColumn": 40,
	"extensionID": "vscode.typescript-language-features"
},{
	"resource": "/c:/apps/sales-dashboard/frontend4/src/pages/SupplyManagementPage.tsx",
	"owner": "typescript",
	"code": "2322",
	"severity": 8,
	"message": "Type 'Dispatch<SetStateAction<never[]>>' is not assignable to type '(value: string[]) => void'.\n  Types of parameters 'value' and 'value' are incompatible.\n    Type 'string[]' is not assignable to type 'SetStateAction<never[]>'.\n      Type 'string[]' is not assignable to type 'never[]'.\n        Type 'string' is not assignable to type 'never'.",
	"source": "ts",
	"startLineNumber": 661,
	"startColumn": 13,
	"endLineNumber": 661,
	"endColumn": 21,
	"relatedInformation": [
		{
			"startLineNumber": 12,
			"startColumn": 5,
			"endLineNumber": 12,
			"endColumn": 13,
			"message": "The expected type comes from property 'onChange' which is declared here on type 'IntrinsicAttributes & MultiSelectProps & RefAttributes<HTMLInputElement> & { component?: any; renderRoot?: ((props: Record<...>) => ReactNode) | undefined; }'",
			"resource": "/c:/apps/sales-dashboard/frontend4/node_modules/@mantine/core/lib/components/MultiSelect/MultiSelect.d.ts"
		}
	],
	"extensionID": "vscode.typescript-language-features"
},{
	"resource": "/c:/apps/sales-dashboard/frontend4/src/pages/SupplyManagementPage.tsx",
	"owner": "typescript",
	"code": "7006",
	"severity": 8,
	"message": "Parameter 's' implicitly has an 'any' type.",
	"source": "ts",
	"startLineNumber": 667,
	"startColumn": 33,
	"endLineNumber": 667,
	"endColumn": 34,
	"extensionID": "vscode.typescript-language-features"
},{
	"resource": "/c:/apps/sales-dashboard/frontend4/src/pages/SupplyManagementPage.tsx",
	"owner": "typescript",
	"code": "2322",
	"severity": 8,
	"message": "Type 'Dispatch<SetStateAction<never[]>>' is not assignable to type '(value: string[]) => void'.\n  Types of parameters 'value' and 'value' are incompatible.\n    Type 'string[]' is not assignable to type 'SetStateAction<never[]>'.\n      Type 'string[]' is not assignable to type 'never[]'.\n        Type 'string' is not assignable to type 'never'.",
	"source": "ts",
	"startLineNumber": 669,
	"startColumn": 13,
	"endLineNumber": 669,
	"endColumn": 21,
	"relatedInformation": [
		{
			"startLineNumber": 12,
			"startColumn": 5,
			"endLineNumber": 12,
			"endColumn": 13,
			"message": "The expected type comes from property 'onChange' which is declared here on type 'IntrinsicAttributes & MultiSelectProps & RefAttributes<HTMLInputElement> & { component?: any; renderRoot?: ((props: Record<...>) => ReactNode) | undefined; }'",
			"resource": "/c:/apps/sales-dashboard/frontend4/node_modules/@mantine/core/lib/components/MultiSelect/MultiSelect.d.ts"
		}
	],
	"extensionID": "vscode.typescript-language-features"
},{
	"resource": "/c:/apps/sales-dashboard/frontend4/src/pages/SupplyManagementPage.tsx",
	"owner": "typescript",
	"code": "2322",
	"severity": 8,
	"message": "Type 'Dispatch<SetStateAction<never[]>>' is not assignable to type '(value: string[]) => void'.\n  Types of parameters 'value' and 'value' are incompatible.\n    Type 'string[]' is not assignable to type 'SetStateAction<never[]>'.\n      Type 'string[]' is not assignable to type 'never[]'.\n        Type 'string' is not assignable to type 'never'.",
	"source": "ts",
	"startLineNumber": 682,
	"startColumn": 13,
	"endLineNumber": 682,
	"endColumn": 21,
	"relatedInformation": [
		{
			"startLineNumber": 12,
			"startColumn": 5,
			"endLineNumber": 12,
			"endColumn": 13,
			"message": "The expected type comes from property 'onChange' which is declared here on type 'IntrinsicAttributes & MultiSelectProps & RefAttributes<HTMLInputElement> & { component?: any; renderRoot?: ((props: Record<...>) => ReactNode) | undefined; }'",
			"resource": "/c:/apps/sales-dashboard/frontend4/node_modules/@mantine/core/lib/components/MultiSelect/MultiSelect.d.ts"
		}
	],
	"extensionID": "vscode.typescript-language-features"
},{
	"resource": "/c:/apps/sales-dashboard/frontend4/src/pages/SupplyManagementPage.tsx",
	"owner": "typescript",
	"code": "2322",
	"severity": 8,
	"message": "Type '{ children: Element; span: number; md: number; }' is not assignable to type 'IntrinsicAttributes & GridColProps & RefAttributes<HTMLDivElement> & { component?: any; renderRoot?: ((props: Record<...>) => ReactNode) | undefined; }'.\n  Property 'md' does not exist on type 'IntrinsicAttributes & GridColProps & RefAttributes<HTMLDivElement> & { component?: any; renderRoot?: ((props: Record<...>) => ReactNode) | undefined; }'.",
	"source": "ts",
	"startLineNumber": 737,
	"startColumn": 29,
	"endLineNumber": 737,
	"endColumn": 31,
	"extensionID": "vscode.typescript-language-features"
},{
	"resource": "/c:/apps/sales-dashboard/frontend4/src/pages/SupplyManagementPage.tsx",
	"owner": "typescript",
	"code": "2322",
	"severity": 8,
	"message": "Type '{ children: Element; span: number; md: number; }' is not assignable to type 'IntrinsicAttributes & GridColProps & RefAttributes<HTMLDivElement> & { component?: any; renderRoot?: ((props: Record<...>) => ReactNode) | undefined; }'.\n  Property 'md' does not exist on type 'IntrinsicAttributes & GridColProps & RefAttributes<HTMLDivElement> & { component?: any; renderRoot?: ((props: Record<...>) => ReactNode) | undefined; }'.",
	"source": "ts",
	"startLineNumber": 753,
	"startColumn": 29,
	"endLineNumber": 753,
	"endColumn": 31,
	"extensionID": "vscode.typescript-language-features"
},{
	"resource": "/c:/apps/sales-dashboard/frontend4/src/pages/SupplyManagementPage.tsx",
	"owner": "typescript",
	"code": "2322",
	"severity": 8,
	"message": "Type 'Dispatch<SetStateAction<string>>' is not assignable to type '(value: string | null) => void'.\n  Types of parameters 'value' and 'value' are incompatible.\n    Type 'string | null' is not assignable to type 'SetStateAction<string>'.\n      Type 'null' is not assignable to type 'SetStateAction<string>'.",
	"source": "ts",
	"startLineNumber": 763,
	"startColumn": 33,
	"endLineNumber": 763,
	"endColumn": 41,
	"relatedInformation": [
		{
			"startLineNumber": 16,
			"startColumn": 5,
			"endLineNumber": 16,
			"endColumn": 13,
			"message": "The expected type comes from property 'onChange' which is declared here on type 'IntrinsicAttributes & TabsProps & RefAttributes<HTMLDivElement> & { component?: any; renderRoot?: ((props: Record<string, any>) => ReactNode) | undefined; }'",
			"resource": "/c:/apps/sales-dashboard/frontend4/node_modules/@mantine/core/lib/components/Tabs/Tabs.d.ts"
		}
	],
	"extensionID": "vscode.typescript-language-features"
},{
	"resource": "/c:/apps/sales-dashboard/frontend4/src/pages/SupplyManagementPage.tsx",
	"owner": "typescript",
	"code": "7006",
	"severity": 8,
	"message": "Parameter 'delivery' implicitly has an 'any' type.",
	"source": "ts",
	"startLineNumber": 825,
	"startColumn": 32,
	"endLineNumber": 825,
	"endColumn": 40,
	"extensionID": "vscode.typescript-language-features"
},{
	"resource": "/c:/apps/sales-dashboard/frontend4/src/pages/SupplyManagementPage.tsx",
	"owner": "typescript",
	"code": "7006",
	"severity": 8,
	"message": "Parameter 'alert' implicitly has an 'any' type.",
	"source": "ts",
	"startLineNumber": 928,
	"startColumn": 26,
	"endLineNumber": 928,
	"endColumn": 31,
	"extensionID": "vscode.typescript-language-features"
},{
	"resource": "/c:/apps/sales-dashboard/frontend4/src/pages/SupplyManagementPage.tsx",
	"owner": "typescript",
	"code": "2339",
	"severity": 8,
	"message": "Property 'id' does not exist on type 'never'.",
	"source": "ts",
	"startLineNumber": 949,
	"startColumn": 64,
	"endLineNumber": 949,
	"endColumn": 66,
	"extensionID": "vscode.typescript-language-features"
},{
	"resource": "/c:/apps/sales-dashboard/frontend4/src/pages/SupplyManagementPage.tsx",
	"owner": "typescript",
	"code": "2339",
	"severity": 8,
	"message": "Property 'sendDate' does not exist on type 'never'.",
	"source": "ts",
	"startLineNumber": 956,
	"startColumn": 62,
	"endLineNumber": 956,
	"endColumn": 70,
	"extensionID": "vscode.typescript-language-features"
},{
	"resource": "/c:/apps/sales-dashboard/frontend4/src/pages/SupplyManagementPage.tsx",
	"owner": "typescript",
	"code": "2339",
	"severity": 8,
	"message": "Property 'supplier' does not exist on type 'never'.",
	"source": "ts",
	"startLineNumber": 957,
	"startColumn": 51,
	"endLineNumber": 957,
	"endColumn": 59,
	"extensionID": "vscode.typescript-language-features"
},{
	"resource": "/c:/apps/sales-dashboard/frontend4/src/pages/SupplyManagementPage.tsx",
	"owner": "typescript",
	"code": "2339",
	"severity": 8,
	"message": "Property 'currentLocation' does not exist on type 'never'.",
	"source": "ts",
	"startLineNumber": 961,
	"startColumn": 86,
	"endLineNumber": 961,
	"endColumn": 101,
	"extensionID": "vscode.typescript-language-features"
},{
	"resource": "/c:/apps/sales-dashboard/frontend4/src/pages/SupplyManagementPage.tsx",
	"owner": "typescript",
	"code": "2339",
	"severity": 8,
	"message": "Property 'daysInTransit' does not exist on type 'never'.",
	"source": "ts",
	"startLineNumber": 962,
	"startColumn": 64,
	"endLineNumber": 962,
	"endColumn": 77,
	"extensionID": "vscode.typescript-language-features"
},{
	"resource": "/c:/apps/sales-dashboard/frontend4/src/pages/SupplyManagementPage.tsx",
	"owner": "typescript",
	"code": "2339",
	"severity": 8,
	"message": "Property 'plannedDate' does not exist on type 'never'.",
	"source": "ts",
	"startLineNumber": 966,
	"startColumn": 62,
	"endLineNumber": 966,
	"endColumn": 73,
	"extensionID": "vscode.typescript-language-features"
},{
	"resource": "/c:/apps/sales-dashboard/frontend4/src/pages/SupplyManagementPage.tsx",
	"owner": "typescript",
	"code": "2339",
	"severity": 8,
	"message": "Property 'warehouse' does not exist on type 'never'.",
	"source": "ts",
	"startLineNumber": 967,
	"startColumn": 58,
	"endLineNumber": 967,
	"endColumn": 67,
	"extensionID": "vscode.typescript-language-features"
},{
	"resource": "/c:/apps/sales-dashboard/frontend4/src/pages/SupplyManagementPage.tsx",
	"owner": "typescript",
	"code": "2339",
	"severity": 8,
	"message": "Property 'quantity' does not exist on type 'never'.",
	"source": "ts",
	"startLineNumber": 976,
	"startColumn": 50,
	"endLineNumber": 976,
	"endColumn": 58,
	"extensionID": "vscode.typescript-language-features"
},{
	"resource": "/c:/apps/sales-dashboard/frontend4/src/pages/SupplyManagementPage.tsx",
	"owner": "typescript",
	"code": "2339",
	"severity": 8,
	"message": "Property 'weight' does not exist on type 'never'.",
	"source": "ts",
	"startLineNumber": 980,
	"startColumn": 50,
	"endLineNumber": 980,
	"endColumn": 56,
	"extensionID": "vscode.typescript-language-features"
},{
	"resource": "/c:/apps/sales-dashboard/frontend4/src/pages/SupplyManagementPage.tsx",
	"owner": "typescript",
	"code": "2339",
	"severity": 8,
	"message": "Property 'volume' does not exist on type 'never'.",
	"source": "ts",
	"startLineNumber": 984,
	"startColumn": 50,
	"endLineNumber": 984,
	"endColumn": 56,
	"extensionID": "vscode.typescript-language-features"
},{
	"resource": "/c:/apps/sales-dashboard/frontend4/src/pages/SupplyManagementPage.tsx",
	"owner": "typescript",
	"code": "2339",
	"severity": 8,
	"message": "Property 'qualityRate' does not exist on type 'never'.",
	"source": "ts",
	"startLineNumber": 988,
	"startColumn": 50,
	"endLineNumber": 988,
	"endColumn": 61,
	"extensionID": "vscode.typescript-language-features"
},{
	"resource": "/c:/apps/sales-dashboard/frontend4/src/pages/SupplyManagementPage.tsx",
	"owner": "typescript",
	"code": "2339",
	"severity": 8,
	"message": "Property 'productCost' does not exist on type 'never'.",
	"source": "ts",
	"startLineNumber": 999,
	"startColumn": 54,
	"endLineNumber": 999,
	"endColumn": 65,
	"extensionID": "vscode.typescript-language-features"
},{
	"resource": "/c:/apps/sales-dashboard/frontend4/src/pages/SupplyManagementPage.tsx",
	"owner": "typescript",
	"code": "2339",
	"severity": 8,
	"message": "Property 'logisticsCost' does not exist on type 'never'.",
	"source": "ts",
	"startLineNumber": 1003,
	"startColumn": 54,
	"endLineNumber": 1003,
	"endColumn": 67,
	"extensionID": "vscode.typescript-language-features"
},{
	"resource": "/c:/apps/sales-dashboard/frontend4/src/pages/SupplyManagementPage.tsx",
	"owner": "typescript",
	"code": "2339",
	"severity": 8,
	"message": "Property 'productCost' does not exist on type 'never'.",
	"source": "ts",
	"startLineNumber": 1009,
	"startColumn": 41,
	"endLineNumber": 1009,
	"endColumn": 52,
	"extensionID": "vscode.typescript-language-features"
},{
	"resource": "/c:/apps/sales-dashboard/frontend4/src/pages/SupplyManagementPage.tsx",
	"owner": "typescript",
	"code": "2339",
	"severity": 8,
	"message": "Property 'logisticsCost' does not exist on type 'never'.",
	"source": "ts",
	"startLineNumber": 1009,
	"startColumn": 72,
	"endLineNumber": 1009,
	"endColumn": 85,
	"extensionID": "vscode.typescript-language-features"
}]